Archive member included because of file (symbol)

C:/CMSIS/CMSIS/Lib/GCC/libarm_cortexM3l_math.a(arm_sub_f32.o)
                              ../instrumented/InputProcessing.o (arm_sub_f32)
c:/matlab/supportpackages/r2015a/gcc-arm-none-eabi-4_8-2014q2-20140609-win32/bin/../lib/gcc/arm-none-eabi/4.8.4/../../../../arm-none-eabi/lib/armv7-m\libm.a(lib_a-s_ceil.o)
                              ../instrumented/InputProcessing.o (ceil)
c:/matlab/supportpackages/r2015a/gcc-arm-none-eabi-4_8-2014q2-20140609-win32/bin/../lib/gcc/arm-none-eabi/4.8.4/../../../../arm-none-eabi/lib/armv7-m\libm.a(lib_a-s_floor.o)
                              ../instrumented/InputProcessing.o (floor)
c:/matlab/supportpackages/r2015a/gcc-arm-none-eabi-4_8-2014q2-20140609-win32/bin/../lib/gcc/arm-none-eabi/4.8.4/../../../../arm-none-eabi/lib/armv7-m\libm.a(lib_a-w_atan2.o)
                              ../instrumented/InputProcessing.o (atan2)
c:/matlab/supportpackages/r2015a/gcc-arm-none-eabi-4_8-2014q2-20140609-win32/bin/../lib/gcc/arm-none-eabi/4.8.4/../../../../arm-none-eabi/lib/armv7-m\libm.a(lib_a-wf_sqrt.o)
                              ../instrumented/InputProcessing.o (sqrtf)
c:/matlab/supportpackages/r2015a/gcc-arm-none-eabi-4_8-2014q2-20140609-win32/bin/../lib/gcc/arm-none-eabi/4.8.4/../../../../arm-none-eabi/lib/armv7-m\libm.a(lib_a-e_atan2.o)
                              c:/matlab/supportpackages/r2015a/gcc-arm-none-eabi-4_8-2014q2-20140609-win32/bin/../lib/gcc/arm-none-eabi/4.8.4/../../../../arm-none-eabi/lib/armv7-m\libm.a(lib_a-w_atan2.o) (__ieee754_atan2)
c:/matlab/supportpackages/r2015a/gcc-arm-none-eabi-4_8-2014q2-20140609-win32/bin/../lib/gcc/arm-none-eabi/4.8.4/../../../../arm-none-eabi/lib/armv7-m\libm.a(lib_a-ef_sqrt.o)
                              c:/matlab/supportpackages/r2015a/gcc-arm-none-eabi-4_8-2014q2-20140609-win32/bin/../lib/gcc/arm-none-eabi/4.8.4/../../../../arm-none-eabi/lib/armv7-m\libm.a(lib_a-wf_sqrt.o) (__ieee754_sqrtf)
c:/matlab/supportpackages/r2015a/gcc-arm-none-eabi-4_8-2014q2-20140609-win32/bin/../lib/gcc/arm-none-eabi/4.8.4/../../../../arm-none-eabi/lib/armv7-m\libm.a(lib_a-s_atan.o)
                              c:/matlab/supportpackages/r2015a/gcc-arm-none-eabi-4_8-2014q2-20140609-win32/bin/../lib/gcc/arm-none-eabi/4.8.4/../../../../arm-none-eabi/lib/armv7-m\libm.a(lib_a-e_atan2.o) (atan)
c:/matlab/supportpackages/r2015a/gcc-arm-none-eabi-4_8-2014q2-20140609-win32/bin/../lib/gcc/arm-none-eabi/4.8.4/../../../../arm-none-eabi/lib/armv7-m\libm.a(lib_a-s_fabs.o)
                              c:/matlab/supportpackages/r2015a/gcc-arm-none-eabi-4_8-2014q2-20140609-win32/bin/../lib/gcc/arm-none-eabi/4.8.4/../../../../arm-none-eabi/lib/armv7-m\libm.a(lib_a-e_atan2.o) (fabs)
c:/matlab/supportpackages/r2015a/gcc-arm-none-eabi-4_8-2014q2-20140609-win32/bin/../lib/gcc/arm-none-eabi/4.8.4/../../../../arm-none-eabi/lib/armv7-m\libm.a(lib_a-s_lib_ver.o)
                              c:/matlab/supportpackages/r2015a/gcc-arm-none-eabi-4_8-2014q2-20140609-win32/bin/../lib/gcc/arm-none-eabi/4.8.4/../../../../arm-none-eabi/lib/armv7-m\libm.a(lib_a-wf_sqrt.o) (__fdlib_version)
c:/matlab/supportpackages/r2015a/gcc-arm-none-eabi-4_8-2014q2-20140609-win32/bin/../lib/gcc/arm-none-eabi/4.8.4/../../../../arm-none-eabi/lib/armv7-m\libm.a(lib_a-s_matherr.o)
                              c:/matlab/supportpackages/r2015a/gcc-arm-none-eabi-4_8-2014q2-20140609-win32/bin/../lib/gcc/arm-none-eabi/4.8.4/../../../../arm-none-eabi/lib/armv7-m\libm.a(lib_a-wf_sqrt.o) (matherr)
c:/matlab/supportpackages/r2015a/gcc-arm-none-eabi-4_8-2014q2-20140609-win32/bin/../lib/gcc/arm-none-eabi/4.8.4/../../../../arm-none-eabi/lib/armv7-m\libm.a(lib_a-sf_fpclassify.o)
                              c:/matlab/supportpackages/r2015a/gcc-arm-none-eabi-4_8-2014q2-20140609-win32/bin/../lib/gcc/arm-none-eabi/4.8.4/../../../../arm-none-eabi/lib/armv7-m\libm.a(lib_a-wf_sqrt.o) (__fpclassifyf)
c:/matlab/supportpackages/r2015a/gcc-arm-none-eabi-4_8-2014q2-20140609-win32/bin/../lib/gcc/arm-none-eabi/4.8.4/armv7-m\libgcc.a(_arm_addsubdf3.o)
                              ../instrumented/InputProcessing.o (__aeabi_dsub)
c:/matlab/supportpackages/r2015a/gcc-arm-none-eabi-4_8-2014q2-20140609-win32/bin/../lib/gcc/arm-none-eabi/4.8.4/armv7-m\libgcc.a(_arm_muldivdf3.o)
                              c:/matlab/supportpackages/r2015a/gcc-arm-none-eabi-4_8-2014q2-20140609-win32/bin/../lib/gcc/arm-none-eabi/4.8.4/../../../../arm-none-eabi/lib/armv7-m\libm.a(lib_a-s_atan.o) (__aeabi_dmul)
c:/matlab/supportpackages/r2015a/gcc-arm-none-eabi-4_8-2014q2-20140609-win32/bin/../lib/gcc/arm-none-eabi/4.8.4/armv7-m\libgcc.a(_arm_cmpdf2.o)
                              ../instrumented/rt_nonfinite.o (__aeabi_dcmpeq)
c:/matlab/supportpackages/r2015a/gcc-arm-none-eabi-4_8-2014q2-20140609-win32/bin/../lib/gcc/arm-none-eabi/4.8.4/armv7-m\libgcc.a(_arm_truncdfsf2.o)
                              ../instrumented/InputProcessing.o (__aeabi_d2f)
c:/matlab/supportpackages/r2015a/gcc-arm-none-eabi-4_8-2014q2-20140609-win32/bin/../lib/gcc/arm-none-eabi/4.8.4/armv7-m\libgcc.a(_arm_addsubsf3.o)
                              ../instrumented/InputProcessing.o (__aeabi_fsub)
c:/matlab/supportpackages/r2015a/gcc-arm-none-eabi-4_8-2014q2-20140609-win32/bin/../lib/gcc/arm-none-eabi/4.8.4/armv7-m\libgcc.a(_arm_muldivsf3.o)
                              ../instrumented/InputProcessing.o (__aeabi_fmul)
c:/matlab/supportpackages/r2015a/gcc-arm-none-eabi-4_8-2014q2-20140609-win32/bin/../lib/gcc/arm-none-eabi/4.8.4/armv7-m\libgcc.a(_arm_cmpsf2.o)
                              ../instrumented/InputProcessing.o (__aeabi_fcmpeq)
c:/matlab/supportpackages/r2015a/gcc-arm-none-eabi-4_8-2014q2-20140609-win32/bin/../lib/gcc/arm-none-eabi/4.8.4/armv7-m\libgcc.a(_arm_fixsfsi.o)
                              ../instrumented/InputProcessing.o (__aeabi_f2iz)
c:/matlab/supportpackages/r2015a/gcc-arm-none-eabi-4_8-2014q2-20140609-win32/bin/../lib/gcc/arm-none-eabi/4.8.4/../../../../arm-none-eabi/lib/armv7-m\libc.a(lib_a-errno.o)
                              c:/matlab/supportpackages/r2015a/gcc-arm-none-eabi-4_8-2014q2-20140609-win32/bin/../lib/gcc/arm-none-eabi/4.8.4/../../../../arm-none-eabi/lib/armv7-m\libm.a(lib_a-wf_sqrt.o) (__errno)
c:/matlab/supportpackages/r2015a/gcc-arm-none-eabi-4_8-2014q2-20140609-win32/bin/../lib/gcc/arm-none-eabi/4.8.4/../../../../arm-none-eabi/lib/armv7-m\libc.a(lib_a-impure.o)
                              c:/matlab/supportpackages/r2015a/gcc-arm-none-eabi-4_8-2014q2-20140609-win32/bin/../lib/gcc/arm-none-eabi/4.8.4/../../../../arm-none-eabi/lib/armv7-m\libc.a(lib_a-errno.o) (_impure_ptr)
c:/matlab/supportpackages/r2015a/gcc-arm-none-eabi-4_8-2014q2-20140609-win32/bin/../lib/gcc/arm-none-eabi/4.8.4/../../../../arm-none-eabi/lib/armv7-m\libc.a(lib_a-memcpy.o)
                              xil_interface_lib.o (memcpy)
c:/matlab/supportpackages/r2015a/gcc-arm-none-eabi-4_8-2014q2-20140609-win32/bin/../lib/gcc/arm-none-eabi/4.8.4/../../../../arm-none-eabi/lib/armv7-m\libc.a(lib_a-memset.o)
                              ../instrumented/InputProcessing.o (memset)

Allocating common symbols
Common symbol       size              file

rtNaNF              0x4               ../instrumented/rt_nonfinite.o
InputProcessing_DWork
                    0x28              ../instrumented/InputProcessing.o
InputProcessing_B   0xc               ../instrumented/InputProcessing.o
InputProcessing_U   0x5c              ../instrumented/InputProcessing.o
rtInfF              0x4               ../instrumented/rt_nonfinite.o
rtInf               0x8               ../instrumented/rt_nonfinite.o
InputProcessing_M_  0x4               ../instrumented/InputProcessing.o
rtNaN               0x8               ../instrumented/rt_nonfinite.o
rtMinusInf          0x8               ../instrumented/rt_nonfinite.o
InputProcessing_Y   0xc               ../instrumented/InputProcessing.o
rtMinusInfF         0x4               ../instrumented/rt_nonfinite.o

Discarded input sections

 .text          0x00000000        0x0 xil_interface_lib.o
 .data          0x00000000        0x0 xil_interface_lib.o
 .bss           0x00000000        0x0 xil_interface_lib.o
 .rodata.XILSERVICE_ERROR
                0x00000000        0x1 xil_interface_lib.o
 .rodata.XILSERVICE_SUCCESS
                0x00000000        0x1 xil_interface_lib.o
 .rodata.COMMS_ERROR
                0x00000000        0x1 xil_interface_lib.o
 .rodata.COMMS_SUCCESS
                0x00000000        0x1 xil_interface_lib.o
 .bss.sc        0x00000000        0xc xil_interface_lib.o
 .text.saveProcessMsgContext
                0x00000000       0x3c xil_interface_lib.o
 .text.restoreProcessMsgContext
                0x00000000       0x34 xil_interface_lib.o
 .text.xilCommandDispatchAndResponse
                0x00000000       0x88 xil_interface_lib.o
 .text          0x00000000        0x0 xil_data_stream.o
 .data          0x00000000        0x0 xil_data_stream.o
 .bss           0x00000000        0x0 xil_data_stream.o
 .rodata.XILSERVICE_ERROR
                0x00000000        0x1 xil_data_stream.o
 .rodata.XILSERVICE_SUCCESS
                0x00000000        0x1 xil_data_stream.o
 .rodata.COMMS_ERROR
                0x00000000        0x1 xil_data_stream.o
 .rodata.COMMS_SUCCESS
                0x00000000        0x1 xil_data_stream.o
 .text          0x00000000        0x0 xil_interface.o
 .data          0x00000000        0x0 xil_interface.o
 .bss           0x00000000        0x0 xil_interface.o
 .text          0x00000000        0x0 xilcomms_rtiostream.o
 .data          0x00000000        0x0 xilcomms_rtiostream.o
 .bss           0x00000000        0x0 xilcomms_rtiostream.o
 .rodata.XILSERVICE_ERROR
                0x00000000        0x1 xilcomms_rtiostream.o
 .rodata.XILSERVICE_SUCCESS
                0x00000000        0x1 xilcomms_rtiostream.o
 .rodata.COMMS_ERROR
                0x00000000        0x1 xilcomms_rtiostream.o
 .rodata.COMMS_SUCCESS
                0x00000000        0x1 xilcomms_rtiostream.o
 .rodata.CODEINSTR_SERVICE_ERROR
                0x00000000        0x1 xilcomms_rtiostream.o
 .rodata.CODEINSTR_SERVICE_SUCCESS
                0x00000000        0x1 xilcomms_rtiostream.o
 .text          0x00000000        0x0 rtiostream_utils.o
 .data          0x00000000        0x0 rtiostream_utils.o
 .bss           0x00000000        0x0 rtiostream_utils.o
 .text          0x00000000        0x0 rtiostream_serial.o
 .data          0x00000000        0x0 rtiostream_serial.o
 .bss           0x00000000        0x0 rtiostream_serial.o
 .text          0x00000000        0x0 pil_main.o
 .data          0x00000000        0x0 pil_main.o
 .bss           0x00000000        0x0 pil_main.o
 .text          0x00000000        0x0 startup_gcc.o
 .data          0x00000000        0x0 startup_gcc.o
 .bss           0x00000000        0x0 startup_gcc.o
 .text          0x00000000        0x0 system_LM3S.o
 .data          0x00000000        0x0 system_LM3S.o
 .bss           0x00000000        0x0 system_LM3S.o
 .data.SystemCoreClock
                0x00000000        0x4 system_LM3S.o
 .text.getOscClk
                0x00000000      0x198 system_LM3S.o
 .text.SystemCoreClockUpdate
                0x00000000      0x114 system_LM3S.o
 .text.SystemInit
                0x00000000        0xc system_LM3S.o
 .comment       0x00000000       0x71 system_LM3S.o
 .ARM.attributes
                0x00000000       0x33 system_LM3S.o
 .text          0x00000000        0x0 syscalls.o
 .data          0x00000000        0x0 syscalls.o
 .bss           0x00000000        0x0 syscalls.o
 .text._close   0x00000000       0x18 syscalls.o
 .text._fstat   0x00000000       0x20 syscalls.o
 .text._isatty  0x00000000       0x18 syscalls.o
 .text._lseek   0x00000000       0x1c syscalls.o
 .text._open    0x00000000       0x1c syscalls.o
 .text._read    0x00000000       0x4c syscalls.o
 .text._exit    0x00000000        0xc syscalls.o
 .text._fini    0x00000000       0x14 syscalls.o
 .bss.heap_end  0x00000000        0x4 syscalls.o
 .text._sbrk    0x00000000       0x5c syscalls.o
 .text._write   0x00000000       0x40 syscalls.o
 .comment       0x00000000       0x71 syscalls.o
 .ARM.attributes
                0x00000000       0x33 syscalls.o
 .text          0x00000000        0x0 xil_instrumentation.o
 .data          0x00000000        0x0 xil_instrumentation.o
 .bss           0x00000000        0x0 xil_instrumentation.o
 .text          0x00000000        0x0 codeinstr_data_stream.o
 .data          0x00000000        0x0 codeinstr_data_stream.o
 .bss           0x00000000        0x0 codeinstr_data_stream.o
 .rodata.XILSERVICE_ERROR
                0x00000000        0x1 codeinstr_data_stream.o
 .rodata.XILSERVICE_SUCCESS
                0x00000000        0x1 codeinstr_data_stream.o
 .rodata.COMMS_ERROR
                0x00000000        0x1 codeinstr_data_stream.o
 .rodata.COMMS_SUCCESS
                0x00000000        0x1 codeinstr_data_stream.o
 .rodata.CODEINSTR_SERVICE_ERROR
                0x00000000        0x1 codeinstr_data_stream.o
 .rodata.CODEINSTR_SERVICE_SUCCESS
                0x00000000        0x1 codeinstr_data_stream.o
 .text          0x00000000        0x0 profiler_timer.o
 .data          0x00000000        0x0 profiler_timer.o
 .bss           0x00000000        0x0 profiler_timer.o
 .text          0x00000000        0x0 ../instrumented/InputProcessing.o
 .data          0x00000000        0x0 ../instrumented/InputProcessing.o
 .bss           0x00000000        0x0 ../instrumented/InputProcessing.o
 .rodata.InputProcessing_M
                0x00000000        0x4 ../instrumented/InputProcessing.o
 .text          0x00000000        0x0 ../instrumented/InputProcessing_data.o
 .data          0x00000000        0x0 ../instrumented/InputProcessing_data.o
 .bss           0x00000000        0x0 ../instrumented/InputProcessing_data.o
 .text          0x00000000        0x0 ../instrumented/rtGetInf.o
 .data          0x00000000        0x0 ../instrumented/rtGetInf.o
 .bss           0x00000000        0x0 ../instrumented/rtGetInf.o
 .text          0x00000000        0x0 ../instrumented/rtGetNaN.o
 .data          0x00000000        0x0 ../instrumented/rtGetNaN.o
 .bss           0x00000000        0x0 ../instrumented/rtGetNaN.o
 .text          0x00000000        0x0 ../instrumented/rt_nonfinite.o
 .data          0x00000000        0x0 ../instrumented/rt_nonfinite.o
 .bss           0x00000000        0x0 ../instrumented/rt_nonfinite.o
 .text.rtIsInf  0x00000000       0x48 ../instrumented/rt_nonfinite.o
 .text.rtIsNaN  0x00000000       0x2c ../instrumented/rt_nonfinite.o
 .text          0x00000000        0x0 C:/CMSIS/CMSIS/Lib/GCC/libarm_cortexM3l_math.a(arm_sub_f32.o)
 .data          0x00000000        0x0 C:/CMSIS/CMSIS/Lib/GCC/libarm_cortexM3l_math.a(arm_sub_f32.o)
 .bss           0x00000000        0x0 C:/CMSIS/CMSIS/Lib/GCC/libarm_cortexM3l_math.a(arm_sub_f32.o)
 .text          0x00000000        0x0 c:/matlab/supportpackages/r2015a/gcc-arm-none-eabi-4_8-2014q2-20140609-win32/bin/../lib/gcc/arm-none-eabi/4.8.4/../../../../arm-none-eabi/lib/armv7-m\libm.a(lib_a-s_ceil.o)
 .data          0x00000000        0x0 c:/matlab/supportpackages/r2015a/gcc-arm-none-eabi-4_8-2014q2-20140609-win32/bin/../lib/gcc/arm-none-eabi/4.8.4/../../../../arm-none-eabi/lib/armv7-m\libm.a(lib_a-s_ceil.o)
 .bss           0x00000000        0x0 c:/matlab/supportpackages/r2015a/gcc-arm-none-eabi-4_8-2014q2-20140609-win32/bin/../lib/gcc/arm-none-eabi/4.8.4/../../../../arm-none-eabi/lib/armv7-m\libm.a(lib_a-s_ceil.o)
 .text          0x00000000        0x0 c:/matlab/supportpackages/r2015a/gcc-arm-none-eabi-4_8-2014q2-20140609-win32/bin/../lib/gcc/arm-none-eabi/4.8.4/../../../../arm-none-eabi/lib/armv7-m\libm.a(lib_a-s_floor.o)
 .data          0x00000000        0x0 c:/matlab/supportpackages/r2015a/gcc-arm-none-eabi-4_8-2014q2-20140609-win32/bin/../lib/gcc/arm-none-eabi/4.8.4/../../../../arm-none-eabi/lib/armv7-m\libm.a(lib_a-s_floor.o)
 .bss           0x00000000        0x0 c:/matlab/supportpackages/r2015a/gcc-arm-none-eabi-4_8-2014q2-20140609-win32/bin/../lib/gcc/arm-none-eabi/4.8.4/../../../../arm-none-eabi/lib/armv7-m\libm.a(lib_a-s_floor.o)
 .text          0x00000000        0x0 c:/matlab/supportpackages/r2015a/gcc-arm-none-eabi-4_8-2014q2-20140609-win32/bin/../lib/gcc/arm-none-eabi/4.8.4/../../../../arm-none-eabi/lib/armv7-m\libm.a(lib_a-w_atan2.o)
 .data          0x00000000        0x0 c:/matlab/supportpackages/r2015a/gcc-arm-none-eabi-4_8-2014q2-20140609-win32/bin/../lib/gcc/arm-none-eabi/4.8.4/../../../../arm-none-eabi/lib/armv7-m\libm.a(lib_a-w_atan2.o)
 .bss           0x00000000        0x0 c:/matlab/supportpackages/r2015a/gcc-arm-none-eabi-4_8-2014q2-20140609-win32/bin/../lib/gcc/arm-none-eabi/4.8.4/../../../../arm-none-eabi/lib/armv7-m\libm.a(lib_a-w_atan2.o)
 .text          0x00000000        0x0 c:/matlab/supportpackages/r2015a/gcc-arm-none-eabi-4_8-2014q2-20140609-win32/bin/../lib/gcc/arm-none-eabi/4.8.4/../../../../arm-none-eabi/lib/armv7-m\libm.a(lib_a-wf_sqrt.o)
 .data          0x00000000        0x0 c:/matlab/supportpackages/r2015a/gcc-arm-none-eabi-4_8-2014q2-20140609-win32/bin/../lib/gcc/arm-none-eabi/4.8.4/../../../../arm-none-eabi/lib/armv7-m\libm.a(lib_a-wf_sqrt.o)
 .bss           0x00000000        0x0 c:/matlab/supportpackages/r2015a/gcc-arm-none-eabi-4_8-2014q2-20140609-win32/bin/../lib/gcc/arm-none-eabi/4.8.4/../../../../arm-none-eabi/lib/armv7-m\libm.a(lib_a-wf_sqrt.o)
 .text          0x00000000        0x0 c:/matlab/supportpackages/r2015a/gcc-arm-none-eabi-4_8-2014q2-20140609-win32/bin/../lib/gcc/arm-none-eabi/4.8.4/../../../../arm-none-eabi/lib/armv7-m\libm.a(lib_a-e_atan2.o)
 .data          0x00000000        0x0 c:/matlab/supportpackages/r2015a/gcc-arm-none-eabi-4_8-2014q2-20140609-win32/bin/../lib/gcc/arm-none-eabi/4.8.4/../../../../arm-none-eabi/lib/armv7-m\libm.a(lib_a-e_atan2.o)
 .bss           0x00000000        0x0 c:/matlab/supportpackages/r2015a/gcc-arm-none-eabi-4_8-2014q2-20140609-win32/bin/../lib/gcc/arm-none-eabi/4.8.4/../../../../arm-none-eabi/lib/armv7-m\libm.a(lib_a-e_atan2.o)
 .text          0x00000000        0x0 c:/matlab/supportpackages/r2015a/gcc-arm-none-eabi-4_8-2014q2-20140609-win32/bin/../lib/gcc/arm-none-eabi/4.8.4/../../../../arm-none-eabi/lib/armv7-m\libm.a(lib_a-ef_sqrt.o)
 .data          0x00000000        0x0 c:/matlab/supportpackages/r2015a/gcc-arm-none-eabi-4_8-2014q2-20140609-win32/bin/../lib/gcc/arm-none-eabi/4.8.4/../../../../arm-none-eabi/lib/armv7-m\libm.a(lib_a-ef_sqrt.o)
 .bss           0x00000000        0x0 c:/matlab/supportpackages/r2015a/gcc-arm-none-eabi-4_8-2014q2-20140609-win32/bin/../lib/gcc/arm-none-eabi/4.8.4/../../../../arm-none-eabi/lib/armv7-m\libm.a(lib_a-ef_sqrt.o)
 .text          0x00000000        0x0 c:/matlab/supportpackages/r2015a/gcc-arm-none-eabi-4_8-2014q2-20140609-win32/bin/../lib/gcc/arm-none-eabi/4.8.4/../../../../arm-none-eabi/lib/armv7-m\libm.a(lib_a-s_atan.o)
 .data          0x00000000        0x0 c:/matlab/supportpackages/r2015a/gcc-arm-none-eabi-4_8-2014q2-20140609-win32/bin/../lib/gcc/arm-none-eabi/4.8.4/../../../../arm-none-eabi/lib/armv7-m\libm.a(lib_a-s_atan.o)
 .bss           0x00000000        0x0 c:/matlab/supportpackages/r2015a/gcc-arm-none-eabi-4_8-2014q2-20140609-win32/bin/../lib/gcc/arm-none-eabi/4.8.4/../../../../arm-none-eabi/lib/armv7-m\libm.a(lib_a-s_atan.o)
 .text          0x00000000        0x0 c:/matlab/supportpackages/r2015a/gcc-arm-none-eabi-4_8-2014q2-20140609-win32/bin/../lib/gcc/arm-none-eabi/4.8.4/../../../../arm-none-eabi/lib/armv7-m\libm.a(lib_a-s_fabs.o)
 .data          0x00000000        0x0 c:/matlab/supportpackages/r2015a/gcc-arm-none-eabi-4_8-2014q2-20140609-win32/bin/../lib/gcc/arm-none-eabi/4.8.4/../../../../arm-none-eabi/lib/armv7-m\libm.a(lib_a-s_fabs.o)
 .bss           0x00000000        0x0 c:/matlab/supportpackages/r2015a/gcc-arm-none-eabi-4_8-2014q2-20140609-win32/bin/../lib/gcc/arm-none-eabi/4.8.4/../../../../arm-none-eabi/lib/armv7-m\libm.a(lib_a-s_fabs.o)
 .text          0x00000000        0x0 c:/matlab/supportpackages/r2015a/gcc-arm-none-eabi-4_8-2014q2-20140609-win32/bin/../lib/gcc/arm-none-eabi/4.8.4/../../../../arm-none-eabi/lib/armv7-m\libm.a(lib_a-s_lib_ver.o)
 .data          0x00000000        0x0 c:/matlab/supportpackages/r2015a/gcc-arm-none-eabi-4_8-2014q2-20140609-win32/bin/../lib/gcc/arm-none-eabi/4.8.4/../../../../arm-none-eabi/lib/armv7-m\libm.a(lib_a-s_lib_ver.o)
 .bss           0x00000000        0x0 c:/matlab/supportpackages/r2015a/gcc-arm-none-eabi-4_8-2014q2-20140609-win32/bin/../lib/gcc/arm-none-eabi/4.8.4/../../../../arm-none-eabi/lib/armv7-m\libm.a(lib_a-s_lib_ver.o)
 .text          0x00000000        0x0 c:/matlab/supportpackages/r2015a/gcc-arm-none-eabi-4_8-2014q2-20140609-win32/bin/../lib/gcc/arm-none-eabi/4.8.4/../../../../arm-none-eabi/lib/armv7-m\libm.a(lib_a-s_matherr.o)
 .data          0x00000000        0x0 c:/matlab/supportpackages/r2015a/gcc-arm-none-eabi-4_8-2014q2-20140609-win32/bin/../lib/gcc/arm-none-eabi/4.8.4/../../../../arm-none-eabi/lib/armv7-m\libm.a(lib_a-s_matherr.o)
 .bss           0x00000000        0x0 c:/matlab/supportpackages/r2015a/gcc-arm-none-eabi-4_8-2014q2-20140609-win32/bin/../lib/gcc/arm-none-eabi/4.8.4/../../../../arm-none-eabi/lib/armv7-m\libm.a(lib_a-s_matherr.o)
 .text          0x00000000        0x0 c:/matlab/supportpackages/r2015a/gcc-arm-none-eabi-4_8-2014q2-20140609-win32/bin/../lib/gcc/arm-none-eabi/4.8.4/../../../../arm-none-eabi/lib/armv7-m\libm.a(lib_a-sf_fpclassify.o)
 .data          0x00000000        0x0 c:/matlab/supportpackages/r2015a/gcc-arm-none-eabi-4_8-2014q2-20140609-win32/bin/../lib/gcc/arm-none-eabi/4.8.4/../../../../arm-none-eabi/lib/armv7-m\libm.a(lib_a-sf_fpclassify.o)
 .bss           0x00000000        0x0 c:/matlab/supportpackages/r2015a/gcc-arm-none-eabi-4_8-2014q2-20140609-win32/bin/../lib/gcc/arm-none-eabi/4.8.4/../../../../arm-none-eabi/lib/armv7-m\libm.a(lib_a-sf_fpclassify.o)
 .data          0x00000000        0x0 c:/matlab/supportpackages/r2015a/gcc-arm-none-eabi-4_8-2014q2-20140609-win32/bin/../lib/gcc/arm-none-eabi/4.8.4/armv7-m\libgcc.a(_arm_addsubdf3.o)
 .bss           0x00000000        0x0 c:/matlab/supportpackages/r2015a/gcc-arm-none-eabi-4_8-2014q2-20140609-win32/bin/../lib/gcc/arm-none-eabi/4.8.4/armv7-m\libgcc.a(_arm_addsubdf3.o)
 .data          0x00000000        0x0 c:/matlab/supportpackages/r2015a/gcc-arm-none-eabi-4_8-2014q2-20140609-win32/bin/../lib/gcc/arm-none-eabi/4.8.4/armv7-m\libgcc.a(_arm_muldivdf3.o)
 .bss           0x00000000        0x0 c:/matlab/supportpackages/r2015a/gcc-arm-none-eabi-4_8-2014q2-20140609-win32/bin/../lib/gcc/arm-none-eabi/4.8.4/armv7-m\libgcc.a(_arm_muldivdf3.o)
 .data          0x00000000        0x0 c:/matlab/supportpackages/r2015a/gcc-arm-none-eabi-4_8-2014q2-20140609-win32/bin/../lib/gcc/arm-none-eabi/4.8.4/armv7-m\libgcc.a(_arm_cmpdf2.o)
 .bss           0x00000000        0x0 c:/matlab/supportpackages/r2015a/gcc-arm-none-eabi-4_8-2014q2-20140609-win32/bin/../lib/gcc/arm-none-eabi/4.8.4/armv7-m\libgcc.a(_arm_cmpdf2.o)
 .data          0x00000000        0x0 c:/matlab/supportpackages/r2015a/gcc-arm-none-eabi-4_8-2014q2-20140609-win32/bin/../lib/gcc/arm-none-eabi/4.8.4/armv7-m\libgcc.a(_arm_truncdfsf2.o)
 .bss           0x00000000        0x0 c:/matlab/supportpackages/r2015a/gcc-arm-none-eabi-4_8-2014q2-20140609-win32/bin/../lib/gcc/arm-none-eabi/4.8.4/armv7-m\libgcc.a(_arm_truncdfsf2.o)
 .data          0x00000000        0x0 c:/matlab/supportpackages/r2015a/gcc-arm-none-eabi-4_8-2014q2-20140609-win32/bin/../lib/gcc/arm-none-eabi/4.8.4/armv7-m\libgcc.a(_arm_addsubsf3.o)
 .bss           0x00000000        0x0 c:/matlab/supportpackages/r2015a/gcc-arm-none-eabi-4_8-2014q2-20140609-win32/bin/../lib/gcc/arm-none-eabi/4.8.4/armv7-m\libgcc.a(_arm_addsubsf3.o)
 .data          0x00000000        0x0 c:/matlab/supportpackages/r2015a/gcc-arm-none-eabi-4_8-2014q2-20140609-win32/bin/../lib/gcc/arm-none-eabi/4.8.4/armv7-m\libgcc.a(_arm_muldivsf3.o)
 .bss           0x00000000        0x0 c:/matlab/supportpackages/r2015a/gcc-arm-none-eabi-4_8-2014q2-20140609-win32/bin/../lib/gcc/arm-none-eabi/4.8.4/armv7-m\libgcc.a(_arm_muldivsf3.o)
 .data          0x00000000        0x0 c:/matlab/supportpackages/r2015a/gcc-arm-none-eabi-4_8-2014q2-20140609-win32/bin/../lib/gcc/arm-none-eabi/4.8.4/armv7-m\libgcc.a(_arm_cmpsf2.o)
 .bss           0x00000000        0x0 c:/matlab/supportpackages/r2015a/gcc-arm-none-eabi-4_8-2014q2-20140609-win32/bin/../lib/gcc/arm-none-eabi/4.8.4/armv7-m\libgcc.a(_arm_cmpsf2.o)
 .data          0x00000000        0x0 c:/matlab/supportpackages/r2015a/gcc-arm-none-eabi-4_8-2014q2-20140609-win32/bin/../lib/gcc/arm-none-eabi/4.8.4/armv7-m\libgcc.a(_arm_fixsfsi.o)
 .bss           0x00000000        0x0 c:/matlab/supportpackages/r2015a/gcc-arm-none-eabi-4_8-2014q2-20140609-win32/bin/../lib/gcc/arm-none-eabi/4.8.4/armv7-m\libgcc.a(_arm_fixsfsi.o)
 .text          0x00000000        0x0 c:/matlab/supportpackages/r2015a/gcc-arm-none-eabi-4_8-2014q2-20140609-win32/bin/../lib/gcc/arm-none-eabi/4.8.4/../../../../arm-none-eabi/lib/armv7-m\libc.a(lib_a-errno.o)
 .data          0x00000000        0x0 c:/matlab/supportpackages/r2015a/gcc-arm-none-eabi-4_8-2014q2-20140609-win32/bin/../lib/gcc/arm-none-eabi/4.8.4/../../../../arm-none-eabi/lib/armv7-m\libc.a(lib_a-errno.o)
 .bss           0x00000000        0x0 c:/matlab/supportpackages/r2015a/gcc-arm-none-eabi-4_8-2014q2-20140609-win32/bin/../lib/gcc/arm-none-eabi/4.8.4/../../../../arm-none-eabi/lib/armv7-m\libc.a(lib_a-errno.o)
 .text          0x00000000        0x0 c:/matlab/supportpackages/r2015a/gcc-arm-none-eabi-4_8-2014q2-20140609-win32/bin/../lib/gcc/arm-none-eabi/4.8.4/../../../../arm-none-eabi/lib/armv7-m\libc.a(lib_a-impure.o)
 .data          0x00000000        0x0 c:/matlab/supportpackages/r2015a/gcc-arm-none-eabi-4_8-2014q2-20140609-win32/bin/../lib/gcc/arm-none-eabi/4.8.4/../../../../arm-none-eabi/lib/armv7-m\libc.a(lib_a-impure.o)
 .bss           0x00000000        0x0 c:/matlab/supportpackages/r2015a/gcc-arm-none-eabi-4_8-2014q2-20140609-win32/bin/../lib/gcc/arm-none-eabi/4.8.4/../../../../arm-none-eabi/lib/armv7-m\libc.a(lib_a-impure.o)
 .rodata._global_impure_ptr
                0x00000000        0x4 c:/matlab/supportpackages/r2015a/gcc-arm-none-eabi-4_8-2014q2-20140609-win32/bin/../lib/gcc/arm-none-eabi/4.8.4/../../../../arm-none-eabi/lib/armv7-m\libc.a(lib_a-impure.o)
 .data          0x00000000        0x0 c:/matlab/supportpackages/r2015a/gcc-arm-none-eabi-4_8-2014q2-20140609-win32/bin/../lib/gcc/arm-none-eabi/4.8.4/../../../../arm-none-eabi/lib/armv7-m\libc.a(lib_a-memcpy.o)
 .bss           0x00000000        0x0 c:/matlab/supportpackages/r2015a/gcc-arm-none-eabi-4_8-2014q2-20140609-win32/bin/../lib/gcc/arm-none-eabi/4.8.4/../../../../arm-none-eabi/lib/armv7-m\libc.a(lib_a-memcpy.o)
 .text          0x00000000        0x0 c:/matlab/supportpackages/r2015a/gcc-arm-none-eabi-4_8-2014q2-20140609-win32/bin/../lib/gcc/arm-none-eabi/4.8.4/../../../../arm-none-eabi/lib/armv7-m\libc.a(lib_a-memset.o)
 .data          0x00000000        0x0 c:/matlab/supportpackages/r2015a/gcc-arm-none-eabi-4_8-2014q2-20140609-win32/bin/../lib/gcc/arm-none-eabi/4.8.4/../../../../arm-none-eabi/lib/armv7-m\libc.a(lib_a-memset.o)
 .bss           0x00000000        0x0 c:/matlab/supportpackages/r2015a/gcc-arm-none-eabi-4_8-2014q2-20140609-win32/bin/../lib/gcc/arm-none-eabi/4.8.4/../../../../arm-none-eabi/lib/armv7-m\libc.a(lib_a-memset.o)

Memory Configuration

Name             Origin             Length             Attributes
FLASH            0x00000000         0x00040000         xr
SRAM             0x20000000         0x00010000         xrw
*default*        0x00000000         0xffffffff

Linker script and memory map

LOAD xil_interface_lib.o
LOAD xil_data_stream.o
LOAD xil_interface.o
LOAD xilcomms_rtiostream.o
LOAD rtiostream_utils.o
LOAD rtiostream_serial.o
LOAD pil_main.o
LOAD startup_gcc.o
LOAD system_LM3S.o
LOAD syscalls.o
LOAD xil_instrumentation.o
LOAD codeinstr_data_stream.o
LOAD profiler_timer.o
LOAD ../instrumented/InputProcessing.o
LOAD ../instrumented/InputProcessing_data.o
LOAD ../instrumented/rtGetInf.o
LOAD ../instrumented/rtGetNaN.o
LOAD ../instrumented/rt_nonfinite.o
LOAD C:/CMSIS/CMSIS/Lib/GCC/libarm_cortexM3l_math.a
LOAD c:/matlab/supportpackages/r2015a/gcc-arm-none-eabi-4_8-2014q2-20140609-win32/bin/../lib/gcc/arm-none-eabi/4.8.4/../../../../arm-none-eabi/lib/armv7-m\libm.a
LOAD c:/matlab/supportpackages/r2015a/gcc-arm-none-eabi-4_8-2014q2-20140609-win32/bin/../lib/gcc/arm-none-eabi/4.8.4/../../../../arm-none-eabi/lib/armv7-m\libstdc++.a
LOAD c:/matlab/supportpackages/r2015a/gcc-arm-none-eabi-4_8-2014q2-20140609-win32/bin/../lib/gcc/arm-none-eabi/4.8.4/../../../../arm-none-eabi/lib/armv7-m\libm.a
START GROUP
LOAD c:/matlab/supportpackages/r2015a/gcc-arm-none-eabi-4_8-2014q2-20140609-win32/bin/../lib/gcc/arm-none-eabi/4.8.4/armv7-m\libgcc.a
LOAD c:/matlab/supportpackages/r2015a/gcc-arm-none-eabi-4_8-2014q2-20140609-win32/bin/../lib/gcc/arm-none-eabi/4.8.4/../../../../arm-none-eabi/lib/armv7-m\libc.a
END GROUP
                0x20020000                _eram = 0x20020000

.text           0x00000000     0x464c
 *(.isr_vector)
 .isr_vector    0x00000000       0xb8 startup_gcc.o
                0x00000000                g_pfnVectors
 *(.text*)
 .text.getNextXILIOData
                0x000000b8       0x28 xil_interface_lib.o
 .text.processHostToTargetData
                0x000000e0      0x110 xil_interface_lib.o
 .text.processTargetToHostData
                0x000001f0       0xa8 xil_interface_lib.o
 .text.finalizeCommandResponse
                0x00000298       0x74 xil_interface_lib.o
 .text.computeNextState
                0x0000030c      0x190 xil_interface_lib.o
 .text.xilProcessMsg
                0x0000049c      0x490 xil_interface_lib.o
                0x0000049c                xilProcessMsg
 .text.xilRun   0x0000092c       0x58 xil_interface_lib.o
                0x0000092c                xilRun
 .text.resetXILWriteBuffer
                0x00000984       0x60 xil_data_stream.o
 .text.xilInit  0x000009e4       0x54 xil_data_stream.o
                0x000009e4                xilInit
 .text.xilTerminateComms
                0x00000a38       0x14 xil_data_stream.o
                0x00000a38                xilTerminateComms
 .text.sendWriteBuffer
                0x00000a4c       0x44 xil_data_stream.o
 .text.xilWriteData
                0x00000a90       0x9c xil_data_stream.o
                0x00000a90                xilWriteData
 .text.xilDataFlush
                0x00000b2c       0x40 xil_data_stream.o
                0x00000b2c                xilDataFlush
 .text.xilProcessParams
                0x00000b6c       0x20 xil_interface.o
                0x00000b6c                xilProcessParams
 .text.xilUploadCodeInstrData
                0x00000b8c       0x4c xil_interface.o
                0x00000b8c                xilUploadCodeInstrData
 .text.xilGetDataTypeInfo
                0x00000bd8       0xa8 xil_interface.o
                0x00000bd8                xilGetDataTypeInfo
 .text.xilInitialize
                0x00000c80       0x34 xil_interface.o
                0x00000c80                xilInitialize
 .text.xilInitializeConditions
                0x00000cb4       0x24 xil_interface.o
                0x00000cb4                xilInitializeConditions
 .text.xilGetHostToTargetData
                0x00000cd8      0x264 xil_interface.o
                0x00000cd8                xilGetHostToTargetData
 .text.xilOutput
                0x00000f3c       0x3c xil_interface.o
                0x00000f3c                xilOutput
 .text.xilUpdate
                0x00000f78       0x24 xil_interface.o
                0x00000f78                xilUpdate
 .text.xilGetTargetToHostData
                0x00000f9c      0x2e4 xil_interface.o
                0x00000f9c                xilGetTargetToHostData
 .text.xilTerminate
                0x00001280       0x2c xil_interface.o
                0x00001280                xilTerminate
 .text.xilEnable
                0x000012ac       0x24 xil_interface.o
                0x000012ac                xilEnable
 .text.xilDisable
                0x000012d0       0x24 xil_interface.o
                0x000012d0                xilDisable
 .text.getApplicationBufferPtr
                0x000012f4       0x34 xilcomms_rtiostream.o
 .text.commsAllocXILBuffer
                0x00001328       0x20 xilcomms_rtiostream.o
                0x00001328                commsAllocXILBuffer
 .text.commsGetXILBufferDataPtr
                0x00001348       0x1c xilcomms_rtiostream.o
                0x00001348                commsGetXILBufferDataPtr
 .text.commsAllocCodeInstrBuffer
                0x00001364       0x20 xilcomms_rtiostream.o
                0x00001364                commsAllocCodeInstrBuffer
 .text.commsGetCodeInstrBufferDataPtr
                0x00001384       0x1c xilcomms_rtiostream.o
                0x00001384                commsGetCodeInstrBufferDataPtr
 .text.commsCreate
                0x000013a0       0x34 xilcomms_rtiostream.o
                0x000013a0                commsCreate
 .text.commsDestroy
                0x000013d4       0x24 xilcomms_rtiostream.o
                0x000013d4                commsDestroy
 .text.commsEnqueueBuffer
                0x000013f8       0x78 xilcomms_rtiostream.o
                0x000013f8                commsEnqueueBuffer
 .text.commsRun
                0x00001470       0x8c xilcomms_rtiostream.o
                0x00001470                commsRun
 .text.rtIOStreamBlockingSend
                0x000014fc       0x64 rtiostream_utils.o
                0x000014fc                rtIOStreamBlockingSend
 .text.rtIOStreamBlockingRecv
                0x00001560       0x64 rtiostream_utils.o
                0x00001560                rtIOStreamBlockingRecv
 .text.rtIOStreamOpen
                0x000015c4       0x28 rtiostream_serial.o
                0x000015c4                rtIOStreamOpen
 .text.rtIOStreamSend
                0x000015ec       0x4c rtiostream_serial.o
                0x000015ec                rtIOStreamSend
 .text.rtIOStreamRecv
                0x00001638       0x5c rtiostream_serial.o
                0x00001638                rtIOStreamRecv
 .text.rtIOStreamClose
                0x00001694       0x18 rtiostream_serial.o
                0x00001694                rtIOStreamClose
 .text.main     0x000016ac       0x88 pil_main.o
                0x000016ac                main
 .text.ResetISR
                0x00001734       0x5c startup_gcc.o
                0x00001734                ResetISR
 .text.IntDefaultHandler
                0x00001790        0x8 startup_gcc.o
                0x00001790                NmiISR
                0x00001790                PendSV_Handler
                0x00001790                SVC_Handler
                0x00001790                DebugMon_Handler
 .text.FaultISR
                0x00001798        0x8 startup_gcc.o
                0x00001798                FaultISR
 .text.MPUFaultISR
                0x000017a0        0x8 startup_gcc.o
                0x000017a0                MPUFaultISR
 .text.BusFaultISR
                0x000017a8        0x8 startup_gcc.o
                0x000017a8                BusFaultISR
 .text.xilUploadProfilingData
                0x000017b0       0x20 xil_instrumentation.o
                0x000017b0                xilUploadProfilingData
 .text.xilProfilingUpdateCorrectedTimer
                0x000017d0       0x2c xil_instrumentation.o
                0x000017d0                xilProfilingUpdateCorrectedTimer
 .text.xilProfilingTimerFreeze
                0x000017fc       0x14 xil_instrumentation.o
                0x000017fc                xilProfilingTimerFreeze
 .text.xilProfilingTimerUnFreeze
                0x00001810       0x14 xil_instrumentation.o
                0x00001810                xilProfilingTimerUnFreeze
 .text.taskTimeStart
                0x00001824       0x18 xil_instrumentation.o
                0x00001824                taskTimeStart
 .text.taskTimeEnd
                0x0000183c       0x20 xil_instrumentation.o
                0x0000183c                taskTimeEnd
 .text.taskTimeStart_InputProcessing
                0x0000185c       0x14 xil_instrumentation.o
                0x0000185c                taskTimeStart_InputProcessing
 .text.taskTimeEnd_InputProcessing
                0x00001870       0x14 xil_instrumentation.o
                0x00001870                taskTimeEnd_InputProcessing
 .text.resetCodeInstrWriteBuffer
                0x00001884       0x60 codeinstr_data_stream.o
 .text.codeInstrInit
                0x000018e4       0x18 codeinstr_data_stream.o
                0x000018e4                codeInstrInit
 .text.codeInstrTerminate
                0x000018fc        0xc codeinstr_data_stream.o
                0x000018fc                codeInstrTerminate
 .text.sendWriteBuffer
                0x00001908       0x44 codeinstr_data_stream.o
 .text.codeInstrWriteData
                0x0000194c       0x9c codeinstr_data_stream.o
                0x0000194c                codeInstrWriteData
 .text.codeInstrDataFlush
                0x000019e8       0x24 codeinstr_data_stream.o
                0x000019e8                codeInstrDataFlush
 .text.profileTimerRead
                0x00001a0c       0x74 profiler_timer.o
                0x00001a0c                profileTimerRead
 .text.SysTick_Handler
                0x00001a80       0x1c profiler_timer.o
                0x00001a80                SysTick_Handler
 .text.arm_sqrt_f32
                0x00001a9c       0x40 ../instrumented/InputProcessing.o
 .text.rt_atan2f_snf
                0x00001adc      0x140 ../instrumented/InputProcessing.o
                0x00001adc                rt_atan2f_snf
 .text.InputP_enter_atomic_Next_Target
                0x00001c1c      0x274 ../instrumented/InputProcessing.o
 .text.enter_atomic_Calc_next_robot_mo
                0x00001e90      0x1bc ../instrumented/InputProcessing.o
 .text.rt_roundf_snf
                0x0000204c       0xbc ../instrumented/InputProcessing.o
                0x0000204c                rt_roundf_snf
 .text.rt_modf_snf
                0x00002108      0x14c ../instrumented/InputProcessing.o
                0x00002108                rt_modf_snf
 .text.InputProcessing_step
                0x00002254      0x67c ../instrumented/InputProcessing.o
                0x00002254                InputProcessing_step
 .text.InputProcessing_initialize
                0x000028d0       0x70 ../instrumented/InputProcessing.o
                0x000028d0                InputProcessing_initialize
 .text.InputProcessing_terminate
                0x00002940        0xc ../instrumented/InputProcessing.o
                0x00002940                InputProcessing_terminate
 .text.rtGetInf
                0x0000294c       0x54 ../instrumented/rtGetInf.o
                0x0000294c                rtGetInf
 .text.rtGetInfF
                0x000029a0       0x1c ../instrumented/rtGetInf.o
                0x000029a0                rtGetInfF
 .text.rtGetMinusInf
                0x000029bc       0x54 ../instrumented/rtGetInf.o
                0x000029bc                rtGetMinusInf
 .text.rtGetMinusInfF
                0x00002a10       0x1c ../instrumented/rtGetInf.o
                0x00002a10                rtGetMinusInfF
 .text.rtGetNaN
                0x00002a2c       0x54 ../instrumented/rtGetNaN.o
                0x00002a2c                rtGetNaN
 .text.rtGetNaNF
                0x00002a80       0x24 ../instrumented/rtGetNaN.o
                0x00002a80                rtGetNaNF
 .text.rt_InitInfAndNaN
                0x00002aa4       0x70 ../instrumented/rt_nonfinite.o
                0x00002aa4                rt_InitInfAndNaN
 .text.rtIsInfF
                0x00002b14       0x44 ../instrumented/rt_nonfinite.o
                0x00002b14                rtIsInfF
 .text.rtIsNaNF
                0x00002b58       0x24 ../instrumented/rt_nonfinite.o
                0x00002b58                rtIsNaNF
 .text.arm_sub_f32
                0x00002b7c       0xb0 C:/CMSIS/CMSIS/Lib/GCC/libarm_cortexM3l_math.a(arm_sub_f32.o)
                0x00002b7c                arm_sub_f32
 *fill*         0x00002c2c        0x4 
 .text.ceil     0x00002c30      0x120 c:/matlab/supportpackages/r2015a/gcc-arm-none-eabi-4_8-2014q2-20140609-win32/bin/../lib/gcc/arm-none-eabi/4.8.4/../../../../arm-none-eabi/lib/armv7-m\libm.a(lib_a-s_ceil.o)
                0x00002c30                ceil
 .text.floor    0x00002d50      0x120 c:/matlab/supportpackages/r2015a/gcc-arm-none-eabi-4_8-2014q2-20140609-win32/bin/../lib/gcc/arm-none-eabi/4.8.4/../../../../arm-none-eabi/lib/armv7-m\libm.a(lib_a-s_floor.o)
                0x00002d50                floor
 .text.atan2    0x00002e70        0x4 c:/matlab/supportpackages/r2015a/gcc-arm-none-eabi-4_8-2014q2-20140609-win32/bin/../lib/gcc/arm-none-eabi/4.8.4/../../../../arm-none-eabi/lib/armv7-m\libm.a(lib_a-w_atan2.o)
                0x00002e70                atan2
 .text.sqrtf    0x00002e74       0x9c c:/matlab/supportpackages/r2015a/gcc-arm-none-eabi-4_8-2014q2-20140609-win32/bin/../lib/gcc/arm-none-eabi/4.8.4/../../../../arm-none-eabi/lib/armv7-m\libm.a(lib_a-wf_sqrt.o)
                0x00002e74                sqrtf
 .text.__ieee754_atan2
                0x00002f10      0x1f0 c:/matlab/supportpackages/r2015a/gcc-arm-none-eabi-4_8-2014q2-20140609-win32/bin/../lib/gcc/arm-none-eabi/4.8.4/../../../../arm-none-eabi/lib/armv7-m\libm.a(lib_a-e_atan2.o)
                0x00002f10                __ieee754_atan2
 .text.__ieee754_sqrtf
                0x00003100       0xa8 c:/matlab/supportpackages/r2015a/gcc-arm-none-eabi-4_8-2014q2-20140609-win32/bin/../lib/gcc/arm-none-eabi/4.8.4/../../../../arm-none-eabi/lib/armv7-m\libm.a(lib_a-ef_sqrt.o)
                0x00003100                __ieee754_sqrtf
 .text.atan     0x000031a8      0x350 c:/matlab/supportpackages/r2015a/gcc-arm-none-eabi-4_8-2014q2-20140609-win32/bin/../lib/gcc/arm-none-eabi/4.8.4/../../../../arm-none-eabi/lib/armv7-m\libm.a(lib_a-s_atan.o)
                0x000031a8                atan
 .text.fabs     0x000034f8        0x8 c:/matlab/supportpackages/r2015a/gcc-arm-none-eabi-4_8-2014q2-20140609-win32/bin/../lib/gcc/arm-none-eabi/4.8.4/../../../../arm-none-eabi/lib/armv7-m\libm.a(lib_a-s_fabs.o)
                0x000034f8                fabs
 .text.matherr  0x00003500        0x4 c:/matlab/supportpackages/r2015a/gcc-arm-none-eabi-4_8-2014q2-20140609-win32/bin/../lib/gcc/arm-none-eabi/4.8.4/../../../../arm-none-eabi/lib/armv7-m\libm.a(lib_a-s_matherr.o)
                0x00003500                matherr
 .text.__fpclassifyf
                0x00003504       0x34 c:/matlab/supportpackages/r2015a/gcc-arm-none-eabi-4_8-2014q2-20140609-win32/bin/../lib/gcc/arm-none-eabi/4.8.4/../../../../arm-none-eabi/lib/armv7-m\libm.a(lib_a-sf_fpclassify.o)
                0x00003504                __fpclassifyf
 .text          0x00003538      0x370 c:/matlab/supportpackages/r2015a/gcc-arm-none-eabi-4_8-2014q2-20140609-win32/bin/../lib/gcc/arm-none-eabi/4.8.4/armv7-m\libgcc.a(_arm_addsubdf3.o)
                0x00003538                __aeabi_drsub
                0x00003540                __aeabi_dsub
                0x00003540                __subdf3
                0x00003544                __aeabi_dadd
                0x00003544                __adddf3
                0x000037bc                __floatunsidf
                0x000037bc                __aeabi_ui2d
                0x000037dc                __floatsidf
                0x000037dc                __aeabi_i2d
                0x00003800                __aeabi_f2d
                0x00003800                __extendsfdf2
                0x0000383c                __floatundidf
                0x0000383c                __aeabi_ul2d
                0x0000384c                __floatdidf
                0x0000384c                __aeabi_l2d
 .text          0x000038a8      0x424 c:/matlab/supportpackages/r2015a/gcc-arm-none-eabi-4_8-2014q2-20140609-win32/bin/../lib/gcc/arm-none-eabi/4.8.4/armv7-m\libgcc.a(_arm_muldivdf3.o)
                0x000038a8                __aeabi_dmul
                0x000038a8                __muldf3
                0x00003afc                __divdf3
                0x00003afc                __aeabi_ddiv
 .text          0x00003ccc      0x110 c:/matlab/supportpackages/r2015a/gcc-arm-none-eabi-4_8-2014q2-20140609-win32/bin/../lib/gcc/arm-none-eabi/4.8.4/armv7-m\libgcc.a(_arm_cmpdf2.o)
                0x00003ccc                __gtdf2
                0x00003ccc                __gedf2
                0x00003cd4                __ltdf2
                0x00003cd4                __ledf2
                0x00003cdc                __nedf2
                0x00003cdc                __eqdf2
                0x00003cdc                __cmpdf2
                0x00003d58                __aeabi_cdrcmple
                0x00003d68                __aeabi_cdcmpeq
                0x00003d68                __aeabi_cdcmple
                0x00003d78                __aeabi_dcmpeq
                0x00003d8c                __aeabi_dcmplt
                0x00003da0                __aeabi_dcmple
                0x00003db4                __aeabi_dcmpge
                0x00003dc8                __aeabi_dcmpgt
 .text          0x00003ddc       0xa0 c:/matlab/supportpackages/r2015a/gcc-arm-none-eabi-4_8-2014q2-20140609-win32/bin/../lib/gcc/arm-none-eabi/4.8.4/armv7-m\libgcc.a(_arm_truncdfsf2.o)
                0x00003ddc                __truncdfsf2
                0x00003ddc                __aeabi_d2f
 .text          0x00003e7c      0x21c c:/matlab/supportpackages/r2015a/gcc-arm-none-eabi-4_8-2014q2-20140609-win32/bin/../lib/gcc/arm-none-eabi/4.8.4/armv7-m\libgcc.a(_arm_addsubsf3.o)
                0x00003e7c                __aeabi_frsub
                0x00003e84                __subsf3
                0x00003e84                __aeabi_fsub
                0x00003e88                __aeabi_fadd
                0x00003e88                __addsf3
                0x00003fe8                __aeabi_ui2f
                0x00003fe8                __floatunsisf
                0x00003ff0                __aeabi_i2f
                0x00003ff0                __floatsisf
                0x0000400c                __aeabi_ul2f
                0x0000400c                __floatundisf
                0x0000401c                __aeabi_l2f
                0x0000401c                __floatdisf
 .text          0x00004098      0x2a0 c:/matlab/supportpackages/r2015a/gcc-arm-none-eabi-4_8-2014q2-20140609-win32/bin/../lib/gcc/arm-none-eabi/4.8.4/armv7-m\libgcc.a(_arm_muldivsf3.o)
                0x00004098                __mulsf3
                0x00004098                __aeabi_fmul
                0x00004200                __aeabi_fdiv
                0x00004200                __divsf3
 .text          0x00004338       0xec c:/matlab/supportpackages/r2015a/gcc-arm-none-eabi-4_8-2014q2-20140609-win32/bin/../lib/gcc/arm-none-eabi/4.8.4/armv7-m\libgcc.a(_arm_cmpsf2.o)
                0x00004338                __gesf2
                0x00004338                __gtsf2
                0x00004340                __lesf2
                0x00004340                __ltsf2
                0x00004348                __nesf2
                0x00004348                __eqsf2
                0x00004348                __cmpsf2
                0x000043a8                __aeabi_cfrcmple
                0x000043b0                __aeabi_cfcmpeq
                0x000043b0                __aeabi_cfcmple
                0x000043c0                __aeabi_fcmpeq
                0x000043d4                __aeabi_fcmplt
                0x000043e8                __aeabi_fcmple
                0x000043fc                __aeabi_fcmpge
                0x00004410                __aeabi_fcmpgt
 .text          0x00004424       0x4c c:/matlab/supportpackages/r2015a/gcc-arm-none-eabi-4_8-2014q2-20140609-win32/bin/../lib/gcc/arm-none-eabi/4.8.4/armv7-m\libgcc.a(_arm_fixsfsi.o)
                0x00004424                __aeabi_f2iz
                0x00004424                __fixsfsi
 .text.__errno  0x00004470        0xc c:/matlab/supportpackages/r2015a/gcc-arm-none-eabi-4_8-2014q2-20140609-win32/bin/../lib/gcc/arm-none-eabi/4.8.4/../../../../arm-none-eabi/lib/armv7-m\libc.a(lib_a-errno.o)
                0x00004470                __errno
 .text          0x0000447c       0xec c:/matlab/supportpackages/r2015a/gcc-arm-none-eabi-4_8-2014q2-20140609-win32/bin/../lib/gcc/arm-none-eabi/4.8.4/../../../../arm-none-eabi/lib/armv7-m\libc.a(lib_a-memcpy.o)
                0x0000447c                memcpy
 .text.memset   0x00004568       0x94 c:/matlab/supportpackages/r2015a/gcc-arm-none-eabi-4_8-2014q2-20140609-win32/bin/../lib/gcc/arm-none-eabi/4.8.4/../../../../arm-none-eabi/lib/armv7-m\libc.a(lib_a-memset.o)
                0x00004568                memset
 *(.init)
 *(.fini)
 *crtbegin.o(.ctors)
 *crtbegin?.o(.ctors)
 *(EXCLUDE_FILE(*crtend.o *crtend?.o) .ctors)
 *(SORT(.ctors.*))
 *(.ctors)
 *crtbegin.o(.dtors)
 *crtbegin?.o(.dtors)
 *(EXCLUDE_FILE(*crtend.o *crtend?.o) .dtors)
 *(SORT(.dtors.*))
 *(.dtors)
 *(.rodata*)
 .rodata.str1.4
                0x000045fc        0x6 c:/matlab/supportpackages/r2015a/gcc-arm-none-eabi-4_8-2014q2-20140609-win32/bin/../lib/gcc/arm-none-eabi/4.8.4/../../../../arm-none-eabi/lib/armv7-m\libm.a(lib_a-wf_sqrt.o)
                                  0x8 (size before relaxing)
 *fill*         0x00004602        0x6 
 .rodata.atanlo
                0x00004608       0x20 c:/matlab/supportpackages/r2015a/gcc-arm-none-eabi-4_8-2014q2-20140609-win32/bin/../lib/gcc/arm-none-eabi/4.8.4/../../../../arm-none-eabi/lib/armv7-m\libm.a(lib_a-s_atan.o)
 .rodata.atanhi
                0x00004628       0x20 c:/matlab/supportpackages/r2015a/gcc-arm-none-eabi-4_8-2014q2-20140609-win32/bin/../lib/gcc/arm-none-eabi/4.8.4/../../../../arm-none-eabi/lib/armv7-m\libm.a(lib_a-s_atan.o)
 .rodata.str1.4
                0x00004648        0x4 c:/matlab/supportpackages/r2015a/gcc-arm-none-eabi-4_8-2014q2-20140609-win32/bin/../lib/gcc/arm-none-eabi/4.8.4/../../../../arm-none-eabi/lib/armv7-m\libc.a(lib_a-impure.o)
 *(.eh_fram e*)

.glue_7         0x0000464c        0x0
 .glue_7        0x00000000        0x0 linker stubs

.glue_7t        0x0000464c        0x0
 .glue_7t       0x00000000        0x0 linker stubs

.vfp11_veneer   0x0000464c        0x0
 .vfp11_veneer  0x00000000        0x0 linker stubs

.v4_bx          0x0000464c        0x0
 .v4_bx         0x00000000        0x0 linker stubs

.iplt           0x0000464c        0x0
 .iplt          0x00000000        0x0 xil_interface_lib.o

.rel.dyn        0x0000464c        0x0
 .rel.iplt      0x00000000        0x0 xil_interface_lib.o

.ARM.extab
 *(.ARM.extab* .gnu.linkonce.armextab.*)
                0x0000464c                __exidx_start = .

.ARM.exidx
 *(.ARM.exidx* .gnu.linkonce.armexidx.*)
                0x0000464c                __exidx_end = .
                0x0000464c                . = ALIGN (0x4)
                0x0000464c                _etext = .
                0x0000464c                _sidata = .

.data           0x20000000      0x48c load address 0x0000464c
                0x20000000                __data_start__ = .
                0x20000000                _sdata = __data_start__
 *(vtable)
 *(.data*)
 .data.processMsgSuccess
                0x20000000        0x4 xil_interface_lib.o
 .data.SYSTICK_RELOAD
                0x20000004        0x4 profiler_timer.o
                0x20000004                SYSTICK_RELOAD
 .data.SYSTICK_CURRENT
                0x20000008        0x4 profiler_timer.o
                0x20000008                SYSTICK_CURRENT
 .data.SYSTICK_CTRL
                0x2000000c        0x4 profiler_timer.o
                0x2000000c                SYSTICK_CTRL
 .data.InputProcessing_P
                0x20000010       0x48 ../instrumented/InputProcessing_data.o
                0x20000010                InputProcessing_P
 .data.__fdlib_version
                0x20000058        0x1 c:/matlab/supportpackages/r2015a/gcc-arm-none-eabi-4_8-2014q2-20140609-win32/bin/../lib/gcc/arm-none-eabi/4.8.4/../../../../arm-none-eabi/lib/armv7-m\libm.a(lib_a-s_lib_ver.o)
                0x20000058                __fdlib_version
 *fill*         0x20000059        0x7 
 .data.impure_data
                0x20000060      0x428 c:/matlab/supportpackages/r2015a/gcc-arm-none-eabi-4_8-2014q2-20140609-win32/bin/../lib/gcc/arm-none-eabi/4.8.4/../../../../arm-none-eabi/lib/armv7-m\libc.a(lib_a-impure.o)
 .data._impure_ptr
                0x20000488        0x4 c:/matlab/supportpackages/r2015a/gcc-arm-none-eabi-4_8-2014q2-20140609-win32/bin/../lib/gcc/arm-none-eabi/4.8.4/../../../../arm-none-eabi/lib/armv7-m\libc.a(lib_a-impure.o)
                0x20000488                _impure_ptr
                0x2000048c                . = ALIGN (0x4)
                0x2000048c                PROVIDE (__preinit_array_start, .)
 *(.preinit_array)
                0x2000048c                PROVIDE (__preinit_array_end, .)
                0x2000048c                . = ALIGN (0x4)
                0x2000048c                PROVIDE (__init_array_start, .)
 *(SORT(.init_array.*))
 *(.init_array)
                0x2000048c                PROVIDE (__init_array_end, .)
                0x2000048c                . = ALIGN (0x4)
                0x2000048c                PROVIDE (__fini_array_start, .)
 *(SORT(.fini_array.*))
 *(.fini_array)
                0x2000048c                PROVIDE (__fini_array_end, .)
 *(.jcr*)
                0x2000048c                . = ALIGN (0x4)
                0x2000048c                __data_end__ = .
                0x2000048c                _edata = __data_end__

.igot.plt       0x2000048c        0x0 load address 0x00004ad8
 .igot.plt      0x00000000        0x0 xil_interface_lib.o

.bss            0x20000490      0x33c load address 0x00004ae0
                0x20000490                . = ALIGN (0x4)
                0x20000490                _sbss = .
                0x20000490                __bss_start__ = _sbss
 *(.bss .bss.*)
 .bss.xilIODataPtr
                0x20000490        0x4 xil_interface_lib.o
 .bss.isShutdownCommand
                0x20000494        0x4 xil_interface_lib.o
 .bss.serverFcnId
                0x20000498        0x4 xil_interface_lib.o
 .bss.cc        0x2000049c        0xc xil_interface_lib.o
 .bss.uDataAddress.4445
                0x200004a8        0x4 xil_interface_lib.o
 .bss.uDataLength.4446
                0x200004ac        0x4 xil_interface_lib.o
 .bss.pBuffer   0x200004b0        0x4 xil_data_stream.o
 .bss.xilWriteBuffer
                0x200004b4        0x4 xil_data_stream.o
 .bss.xilWriteDataPtr
                0x200004b8        0x4 xil_data_stream.o
 .bss.xilWriteDataAvail
                0x200004bc        0x2 xil_data_stream.o
 *fill*         0x200004be        0x2 
 .bss.commandResponseType
                0x200004c0        0x4 xil_data_stream.o
 .bss.xil_fcnid0_task1_u
                0x200004c4       0x38 xil_interface.o
 .bss.xil_fcnid0_task1_y
                0x200004fc       0x30 xil_interface.o
 .bss.xil_fcnid0_init_y
                0x2000052c       0x30 xil_interface.o
 .bss.xil_fcnid0_term_y
                0x2000055c       0x30 xil_interface.o
 .bss.xil_fcnid0_ws_params
                0x2000058c       0x38 xil_interface.o
 .bss.initComplete.8047
                0x200005c4        0x4 xil_interface.o
 .bss.initComplete.8057
                0x200005c8        0x4 xil_interface.o
 .bss.initComplete.8085
                0x200005cc        0x4 xil_interface.o
 .bss.initComplete.8094
                0x200005d0        0x4 xil_interface.o
 .bss.initComplete.8102
                0x200005d4        0x4 xil_interface.o
 .bss.streamID  0x200005d8        0x4 xilcomms_rtiostream.o
 .bss.xilCommsBuffer
                0x200005dc       0x80 xilcomms_rtiostream.o
 .bss.xilWriteBuffer
                0x2000065c       0x40 xilcomms_rtiostream.o
 .bss.codeInstrWriteBuffer
                0x2000069c       0x40 xilcomms_rtiostream.o
 .bss.xsd_xil_timer_corrected
                0x200006dc        0x4 xil_instrumentation.o
 .bss.xsd_xil_timer_freeze
                0x200006e0        0x4 xil_instrumentation.o
 .bss.xsd_xil_timer_unfreeze
                0x200006e4        0x4 xil_instrumentation.o
 .bss.pBuffer   0x200006e8        0x4 codeinstr_data_stream.o
 .bss.codeInstrWriteBuffer
                0x200006ec        0x4 codeinstr_data_stream.o
 .bss.codeInstrWriteDataPtr
                0x200006f0        0x4 codeinstr_data_stream.o
 .bss.codeInstrWriteDataAvail
                0x200006f4        0x2 codeinstr_data_stream.o
 *fill*         0x200006f6        0x2 
 .bss.commandComplete
                0x200006f8        0x4 codeinstr_data_stream.o
 .bss.initTimer
                0x200006fc        0x1 profiler_timer.o
                0x200006fc                initTimer
 *fill*         0x200006fd        0x3 
 .bss.sysTickZeroCount
                0x20000700        0x4 profiler_timer.o
                0x20000700                sysTickZeroCount
 *(COMMON)
 COMMON         0x20000704       0xa0 ../instrumented/InputProcessing.o
                0x20000704                InputProcessing_DWork
                0x2000072c                InputProcessing_B
                0x20000738                InputProcessing_U
                0x20000794                InputProcessing_M_
                0x20000798                InputProcessing_Y
 *fill*         0x200007a4        0x4 
 COMMON         0x200007a8       0x24 ../instrumented/rt_nonfinite.o
                0x200007a8                rtNaNF
                0x200007ac                rtInfF
                0x200007b0                rtInf
                0x200007b8                rtNaN
                0x200007c0                rtMinusInf
                0x200007c8                rtMinusInfF
                0x200007cc                . = ALIGN (0x4)
                0x200007cc                _ebss = .
                0x200007cc                __bss_end__ = _ebss

.co_stack       0x200007cc      0x844 load address 0x00004e1c
                0x200007d0                . = ALIGN (0x8)
 *fill*         0x200007cc        0x4 
                0x200007d0                __stack_end__ = .
 *(.co_stack .co_stack.*)
 .co_stack      0x200007d0      0x840 startup_gcc.o
                0x200007d0                pulStack
                0x20001010                __stack_start__ = .
                0x20001010                . = ALIGN (0x8)
                0x20001010                _end = .
                0x20001010                PROVIDE (__stack, __stack_start__)
                0x20001018                PROVIDE (_sheap, (_end + 0x8))
                0x2000fff8                PROVIDE (_eheap, ALIGN (((ORIGIN (SRAM) + 0x10000) - 0x8), 0x8))
OUTPUT(InputProcessing.elf elf32-littlearm)

.comment        0x00000000       0xe0
 .comment       0x00000000       0x70 xil_interface_lib.o
                                 0x71 (size before relaxing)
 .comment       0x00000000       0x71 xil_data_stream.o
 .comment       0x00000000       0x71 xil_interface.o
 .comment       0x00000000       0x71 xilcomms_rtiostream.o
 .comment       0x00000000       0x71 rtiostream_utils.o
 .comment       0x00000000       0x71 rtiostream_serial.o
 .comment       0x00000000       0x71 pil_main.o
 .comment       0x00000000       0x71 startup_gcc.o
 .comment       0x00000000       0x71 xil_instrumentation.o
 .comment       0x00000000       0x71 codeinstr_data_stream.o
 .comment       0x00000000       0x71 profiler_timer.o
 .comment       0x00000000       0x71 ../instrumented/InputProcessing.o
 .comment       0x00000000       0x71 ../instrumented/InputProcessing_data.o
 .comment       0x00000000       0x71 ../instrumented/rtGetInf.o
 .comment       0x00000000       0x71 ../instrumented/rtGetNaN.o
 .comment       0x00000000       0x71 ../instrumented/rt_nonfinite.o
 .comment       0x00000070       0x70 C:/CMSIS/CMSIS/Lib/GCC/libarm_cortexM3l_math.a(arm_sub_f32.o)
                                 0x71 (size before relaxing)

.ARM.attributes
                0x00000000       0x31
 .ARM.attributes
                0x00000000       0x33 xil_interface_lib.o
 .ARM.attributes
                0x00000033       0x33 xil_data_stream.o
 .ARM.attributes
                0x00000066       0x33 xil_interface.o
 .ARM.attributes
                0x00000099       0x33 xilcomms_rtiostream.o
 .ARM.attributes
                0x000000cc       0x33 rtiostream_utils.o
 .ARM.attributes
                0x000000ff       0x33 rtiostream_serial.o
 .ARM.attributes
                0x00000132       0x33 pil_main.o
 .ARM.attributes
                0x00000165       0x33 startup_gcc.o
 .ARM.attributes
                0x00000198       0x33 xil_instrumentation.o
 .ARM.attributes
                0x000001cb       0x33 codeinstr_data_stream.o
 .ARM.attributes
                0x000001fe       0x33 profiler_timer.o
 .ARM.attributes
                0x00000231       0x33 ../instrumented/InputProcessing.o
 .ARM.attributes
                0x00000264       0x33 ../instrumented/InputProcessing_data.o
 .ARM.attributes
                0x00000297       0x33 ../instrumented/rtGetInf.o
 .ARM.attributes
                0x000002ca       0x33 ../instrumented/rtGetNaN.o
 .ARM.attributes
                0x000002fd       0x33 ../instrumented/rt_nonfinite.o
 .ARM.attributes
                0x00000330       0x33 C:/CMSIS/CMSIS/Lib/GCC/libarm_cortexM3l_math.a(arm_sub_f32.o)
 .ARM.attributes
                0x00000363       0x2d c:/matlab/supportpackages/r2015a/gcc-arm-none-eabi-4_8-2014q2-20140609-win32/bin/../lib/gcc/arm-none-eabi/4.8.4/../../../../arm-none-eabi/lib/armv7-m\libm.a(lib_a-s_ceil.o)
 .ARM.attributes
                0x00000390       0x2d c:/matlab/supportpackages/r2015a/gcc-arm-none-eabi-4_8-2014q2-20140609-win32/bin/../lib/gcc/arm-none-eabi/4.8.4/../../../../arm-none-eabi/lib/armv7-m\libm.a(lib_a-s_floor.o)
 .ARM.attributes
                0x000003bd       0x2d c:/matlab/supportpackages/r2015a/gcc-arm-none-eabi-4_8-2014q2-20140609-win32/bin/../lib/gcc/arm-none-eabi/4.8.4/../../../../arm-none-eabi/lib/armv7-m\libm.a(lib_a-w_atan2.o)
 .ARM.attributes
                0x000003ea       0x2d c:/matlab/supportpackages/r2015a/gcc-arm-none-eabi-4_8-2014q2-20140609-win32/bin/../lib/gcc/arm-none-eabi/4.8.4/../../../../arm-none-eabi/lib/armv7-m\libm.a(lib_a-wf_sqrt.o)
 .ARM.attributes
                0x00000417       0x2d c:/matlab/supportpackages/r2015a/gcc-arm-none-eabi-4_8-2014q2-20140609-win32/bin/../lib/gcc/arm-none-eabi/4.8.4/../../../../arm-none-eabi/lib/armv7-m\libm.a(lib_a-e_atan2.o)
 .ARM.attributes
                0x00000444       0x2d c:/matlab/supportpackages/r2015a/gcc-arm-none-eabi-4_8-2014q2-20140609-win32/bin/../lib/gcc/arm-none-eabi/4.8.4/../../../../arm-none-eabi/lib/armv7-m\libm.a(lib_a-ef_sqrt.o)
 .ARM.attributes
                0x00000471       0x2d c:/matlab/supportpackages/r2015a/gcc-arm-none-eabi-4_8-2014q2-20140609-win32/bin/../lib/gcc/arm-none-eabi/4.8.4/../../../../arm-none-eabi/lib/armv7-m\libm.a(lib_a-s_atan.o)
 .ARM.attributes
                0x0000049e       0x2d c:/matlab/supportpackages/r2015a/gcc-arm-none-eabi-4_8-2014q2-20140609-win32/bin/../lib/gcc/arm-none-eabi/4.8.4/../../../../arm-none-eabi/lib/armv7-m\libm.a(lib_a-s_fabs.o)
 .ARM.attributes
                0x000004cb       0x2d c:/matlab/supportpackages/r2015a/gcc-arm-none-eabi-4_8-2014q2-20140609-win32/bin/../lib/gcc/arm-none-eabi/4.8.4/../../../../arm-none-eabi/lib/armv7-m\libm.a(lib_a-s_lib_ver.o)
 .ARM.attributes
                0x000004f8       0x2d c:/matlab/supportpackages/r2015a/gcc-arm-none-eabi-4_8-2014q2-20140609-win32/bin/../lib/gcc/arm-none-eabi/4.8.4/../../../../arm-none-eabi/lib/armv7-m\libm.a(lib_a-s_matherr.o)
 .ARM.attributes
                0x00000525       0x2d c:/matlab/supportpackages/r2015a/gcc-arm-none-eabi-4_8-2014q2-20140609-win32/bin/../lib/gcc/arm-none-eabi/4.8.4/../../../../arm-none-eabi/lib/armv7-m\libm.a(lib_a-sf_fpclassify.o)
 .ARM.attributes
                0x00000552       0x1d c:/matlab/supportpackages/r2015a/gcc-arm-none-eabi-4_8-2014q2-20140609-win32/bin/../lib/gcc/arm-none-eabi/4.8.4/armv7-m\libgcc.a(_arm_addsubdf3.o)
 .ARM.attributes
                0x0000056f       0x1d c:/matlab/supportpackages/r2015a/gcc-arm-none-eabi-4_8-2014q2-20140609-win32/bin/../lib/gcc/arm-none-eabi/4.8.4/armv7-m\libgcc.a(_arm_muldivdf3.o)
 .ARM.attributes
                0x0000058c       0x1d c:/matlab/supportpackages/r2015a/gcc-arm-none-eabi-4_8-2014q2-20140609-win32/bin/../lib/gcc/arm-none-eabi/4.8.4/armv7-m\libgcc.a(_arm_cmpdf2.o)
 .ARM.attributes
                0x000005a9       0x1d c:/matlab/supportpackages/r2015a/gcc-arm-none-eabi-4_8-2014q2-20140609-win32/bin/../lib/gcc/arm-none-eabi/4.8.4/armv7-m\libgcc.a(_arm_truncdfsf2.o)
 .ARM.attributes
                0x000005c6       0x1d c:/matlab/supportpackages/r2015a/gcc-arm-none-eabi-4_8-2014q2-20140609-win32/bin/../lib/gcc/arm-none-eabi/4.8.4/armv7-m\libgcc.a(_arm_addsubsf3.o)
 .ARM.attributes
                0x000005e3       0x1d c:/matlab/supportpackages/r2015a/gcc-arm-none-eabi-4_8-2014q2-20140609-win32/bin/../lib/gcc/arm-none-eabi/4.8.4/armv7-m\libgcc.a(_arm_muldivsf3.o)
 .ARM.attributes
                0x00000600       0x1d c:/matlab/supportpackages/r2015a/gcc-arm-none-eabi-4_8-2014q2-20140609-win32/bin/../lib/gcc/arm-none-eabi/4.8.4/armv7-m\libgcc.a(_arm_cmpsf2.o)
 .ARM.attributes
                0x0000061d       0x1d c:/matlab/supportpackages/r2015a/gcc-arm-none-eabi-4_8-2014q2-20140609-win32/bin/../lib/gcc/arm-none-eabi/4.8.4/armv7-m\libgcc.a(_arm_fixsfsi.o)
 .ARM.attributes
                0x0000063a       0x2d c:/matlab/supportpackages/r2015a/gcc-arm-none-eabi-4_8-2014q2-20140609-win32/bin/../lib/gcc/arm-none-eabi/4.8.4/../../../../arm-none-eabi/lib/armv7-m\libc.a(lib_a-errno.o)
 .ARM.attributes
                0x00000667       0x2d c:/matlab/supportpackages/r2015a/gcc-arm-none-eabi-4_8-2014q2-20140609-win32/bin/../lib/gcc/arm-none-eabi/4.8.4/../../../../arm-none-eabi/lib/armv7-m\libc.a(lib_a-impure.o)
 .ARM.attributes
                0x00000694       0x1b c:/matlab/supportpackages/r2015a/gcc-arm-none-eabi-4_8-2014q2-20140609-win32/bin/../lib/gcc/arm-none-eabi/4.8.4/../../../../arm-none-eabi/lib/armv7-m\libc.a(lib_a-memcpy.o)
 .ARM.attributes
                0x000006af       0x2d c:/matlab/supportpackages/r2015a/gcc-arm-none-eabi-4_8-2014q2-20140609-win32/bin/../lib/gcc/arm-none-eabi/4.8.4/../../../../arm-none-eabi/lib/armv7-m\libc.a(lib_a-memset.o)

.debug_info     0x00000000      0x195
 .debug_info    0x00000000      0x195 C:/CMSIS/CMSIS/Lib/GCC/libarm_cortexM3l_math.a(arm_sub_f32.o)

.debug_abbrev   0x00000000       0x85
 .debug_abbrev  0x00000000       0x85 C:/CMSIS/CMSIS/Lib/GCC/libarm_cortexM3l_math.a(arm_sub_f32.o)

.debug_loc      0x00000000      0x258
 .debug_loc     0x00000000      0x258 C:/CMSIS/CMSIS/Lib/GCC/libarm_cortexM3l_math.a(arm_sub_f32.o)

.debug_aranges  0x00000000       0x20
 .debug_aranges
                0x00000000       0x20 C:/CMSIS/CMSIS/Lib/GCC/libarm_cortexM3l_math.a(arm_sub_f32.o)

.debug_ranges   0x00000000       0x10
 .debug_ranges  0x00000000       0x10 C:/CMSIS/CMSIS/Lib/GCC/libarm_cortexM3l_math.a(arm_sub_f32.o)

.debug_line     0x00000000      0x166
 .debug_line    0x00000000      0x166 C:/CMSIS/CMSIS/Lib/GCC/libarm_cortexM3l_math.a(arm_sub_f32.o)

.debug_str      0x00000000      0x1d6
 .debug_str     0x00000000      0x1d6 C:/CMSIS/CMSIS/Lib/GCC/libarm_cortexM3l_math.a(arm_sub_f32.o)
                                0x21f (size before relaxing)

.debug_frame    0x00000000      0x244
 .debug_frame   0x00000000       0x38 C:/CMSIS/CMSIS/Lib/GCC/libarm_cortexM3l_math.a(arm_sub_f32.o)
 .debug_frame   0x00000038       0x38 c:/matlab/supportpackages/r2015a/gcc-arm-none-eabi-4_8-2014q2-20140609-win32/bin/../lib/gcc/arm-none-eabi/4.8.4/../../../../arm-none-eabi/lib/armv7-m\libm.a(lib_a-s_ceil.o)
 .debug_frame   0x00000070       0x38 c:/matlab/supportpackages/r2015a/gcc-arm-none-eabi-4_8-2014q2-20140609-win32/bin/../lib/gcc/arm-none-eabi/4.8.4/../../../../arm-none-eabi/lib/armv7-m\libm.a(lib_a-s_floor.o)
 .debug_frame   0x000000a8       0x20 c:/matlab/supportpackages/r2015a/gcc-arm-none-eabi-4_8-2014q2-20140609-win32/bin/../lib/gcc/arm-none-eabi/4.8.4/../../../../arm-none-eabi/lib/armv7-m\libm.a(lib_a-w_atan2.o)
 .debug_frame   0x000000c8       0x30 c:/matlab/supportpackages/r2015a/gcc-arm-none-eabi-4_8-2014q2-20140609-win32/bin/../lib/gcc/arm-none-eabi/4.8.4/../../../../arm-none-eabi/lib/armv7-m\libm.a(lib_a-wf_sqrt.o)
 .debug_frame   0x000000f8       0x38 c:/matlab/supportpackages/r2015a/gcc-arm-none-eabi-4_8-2014q2-20140609-win32/bin/../lib/gcc/arm-none-eabi/4.8.4/../../../../arm-none-eabi/lib/armv7-m\libm.a(lib_a-e_atan2.o)
 .debug_frame   0x00000130       0x30 c:/matlab/supportpackages/r2015a/gcc-arm-none-eabi-4_8-2014q2-20140609-win32/bin/../lib/gcc/arm-none-eabi/4.8.4/../../../../arm-none-eabi/lib/armv7-m\libm.a(lib_a-ef_sqrt.o)
 .debug_frame   0x00000160       0x38 c:/matlab/supportpackages/r2015a/gcc-arm-none-eabi-4_8-2014q2-20140609-win32/bin/../lib/gcc/arm-none-eabi/4.8.4/../../../../arm-none-eabi/lib/armv7-m\libm.a(lib_a-s_atan.o)
 .debug_frame   0x00000198       0x20 c:/matlab/supportpackages/r2015a/gcc-arm-none-eabi-4_8-2014q2-20140609-win32/bin/../lib/gcc/arm-none-eabi/4.8.4/../../../../arm-none-eabi/lib/armv7-m\libm.a(lib_a-s_fabs.o)
 .debug_frame   0x000001b8       0x20 c:/matlab/supportpackages/r2015a/gcc-arm-none-eabi-4_8-2014q2-20140609-win32/bin/../lib/gcc/arm-none-eabi/4.8.4/../../../../arm-none-eabi/lib/armv7-m\libm.a(lib_a-s_matherr.o)
 .debug_frame   0x000001d8       0x20 c:/matlab/supportpackages/r2015a/gcc-arm-none-eabi-4_8-2014q2-20140609-win32/bin/../lib/gcc/arm-none-eabi/4.8.4/../../../../arm-none-eabi/lib/armv7-m\libm.a(lib_a-sf_fpclassify.o)
 .debug_frame   0x000001f8       0x20 c:/matlab/supportpackages/r2015a/gcc-arm-none-eabi-4_8-2014q2-20140609-win32/bin/../lib/gcc/arm-none-eabi/4.8.4/../../../../arm-none-eabi/lib/armv7-m\libc.a(lib_a-errno.o)
 .debug_frame   0x00000218       0x2c c:/matlab/supportpackages/r2015a/gcc-arm-none-eabi-4_8-2014q2-20140609-win32/bin/../lib/gcc/arm-none-eabi/4.8.4/../../../../arm-none-eabi/lib/armv7-m\libc.a(lib_a-memset.o)
